$ vite build
[33mThe CJS build of Vite's Node API is deprecated. See https://vite.dev/guide/troubleshooting.html#vite-cjs-node-api-deprecated for more details.[39m
vite v5.4.21 building for production...
transforming...
✓ 846 modules transformed.
rendering chunks...
computing gzip size...
dist/registerSW.js                0.13 kB
dist/manifest.webmanifest         0.63 kB
dist/index.html                   0.85 kB │ gzip:   0.41 kB
dist/assets/index-GQO-Y7zk.css   48.18 kB │ gzip:  12.57 kB
dist/assets/index-BBTo5cpc.js   828.07 kB │ gzip: 246.36 kB

(!) Some chunks are larger than 500 kB after minification. Consider:
- Using dynamic import() to code-split the application
✓ built in 10.71s
- Use build.rollupOptions.output.manualChunks to improve chunking: https://rollupjs.org/configuration-options/#output-manualchunks
- Adjust chunk size limit for this warning via build.chunkSizeWarningLimit.

PWA v1.3.0
mode      generateSW
precache  9 entries (859.10 KiB)
files generated
  dist/sw.js
  dist/workbox-9c191d2f.js
